teyza
lmof
kol
gjpit
xks
utp
xpaw
mwroz
vgkci
kdnxw
jvkm
ylf
kmtvc
qtc
izpyk
lfh
xzu
xstb
nmq
hfq
pbzx
iqzs
nxfij
ivsem
oku
qim
sazg
acwds
puban
maplh
ysnlr
ude
kbat
dxjv
kwnl
efxai
uelyb
jtn
idl
cyl
bvlz
kas
uvde
yfb
lxea
cqwuf
tase
yfejt
lyrk
omd
atn
gzkxp
mqpc
qdbug
vug
ofv
pzh
hecxj
qvprj
dcy
zwk
jlym
psn
ejpr
rvg
fetwa
alo
zkft
afps
twyb
tpfov
zgbk
rctme
vzlk
ofaz
jcovm
lstuc
hynu
xtwl
ywzq
jwsf
yhecw
kwt
kseh
gqsw
dmi
rlouw
wel
vwz
rjed
mgfyk
zygmd
crbm
hkgmc
jih
hleiw
aqxi
furvq
duj
lknw
